[22:18:51] [edge_iiotset] 2,219,201 rows, 61 features, files=['DNN-EdgeIIoT-dataset.csv']
[22:18:53] [edge_iiotset] feature 1/61: frame.time (card=2,206,364, peak RAM 5.0 GB)
[22:18:57] [edge_iiotset] feature 2/61: ip.src_host (card=137,167, peak RAM 5.0 GB)
[22:18:57] [edge_iiotset] feature 3/61: ip.dst_host (card=52,425, peak RAM 5.0 GB)
[22:18:57] [edge_iiotset] feature 4/61: arp.dst.proto_ipv4 (card=9, peak RAM 5.0 GB)
[22:18:57] [edge_iiotset] feature 5/61: arp.opcode (card=3, peak RAM 5.0 GB)
[22:18:57] [edge_iiotset] feature 6/61: arp.hw.size (card=2, peak RAM 5.0 GB)
[22:18:57] [edge_iiotset] feature 7/61: arp.src.proto_ipv4 (card=10, peak RAM 5.0 GB)
[22:18:57] [edge_iiotset] feature 8/61: icmp.checksum (card=54,645, peak RAM 5.0 GB)
[22:18:57] [edge_iiotset] feature 9/61: icmp.seq_le (card=56,328, peak RAM 5.0 GB)
[22:18:57] [edge_iiotset] feature 10/61: icmp.transmit_timestamp (card=84, peak RAM 5.0 GB)
[22:18:57] [edge_iiotset] feature 11/61: icmp.unused (card=1, peak RAM 5.0 GB)
[22:18:57] [edge_iiotset] feature 12/61: http.file_data (card=2,396, peak RAM 5.0 GB)
[22:18:57] [edge_iiotset] feature 13/61: http.content_length (card=43, peak RAM 5.0 GB)
[22:18:57] [edge_iiotset] feature 14/61: http.request.uri.query (card=5,526, peak RAM 5.0 GB)
[22:18:57] [edge_iiotset] feature 15/61: http.request.method (card=9, peak RAM 5.0 GB)
[22:18:57] [edge_iiotset] feature 16/61: http.referer (card=5, peak RAM 5.0 GB)
[22:18:57] [edge_iiotset] feature 17/61: http.request.full_uri (card=11,408, peak RAM 5.0 GB)
[22:18:57] [edge_iiotset] feature 18/61: http.request.version (card=13, peak RAM 5.0 GB)
[22:18:57] [edge_iiotset] feature 19/61: http.response (card=2, peak RAM 5.0 GB)
[22:18:57] [edge_iiotset] feature 20/61: http.tls_port (card=1, peak RAM 5.0 GB)
[22:18:58] [edge_iiotset] feature 21/61: tcp.ack (card=146,980, peak RAM 5.0 GB)
[22:18:58] [edge_iiotset] feature 22/61: tcp.ack_raw (card=915,938, peak RAM 5.0 GB)
[22:18:59] [edge_iiotset] feature 23/61: tcp.checksum (card=65,536, peak RAM 5.0 GB)
[22:18:59] [edge_iiotset] feature 24/61: tcp.connection.fin (card=2, peak RAM 5.0 GB)
[22:18:59] [edge_iiotset] feature 25/61: tcp.connection.rst (card=2, peak RAM 5.0 GB)
[22:18:59] [edge_iiotset] feature 26/61: tcp.connection.syn (card=2, peak RAM 5.0 GB)
[22:18:59] [edge_iiotset] feature 27/61: tcp.connection.synack (card=2, peak RAM 5.0 GB)
[22:18:59] [edge_iiotset] feature 28/61: tcp.dstport (card=43,341, peak RAM 5.0 GB)
[22:18:59] [edge_iiotset] feature 29/61: tcp.flags (card=9, peak RAM 5.0 GB)
[22:18:59] [edge_iiotset] feature 30/61: tcp.flags.ack (card=2, peak RAM 5.0 GB)
[22:18:59] [edge_iiotset] feature 31/61: tcp.len (card=1,485, peak RAM 5.0 GB)
[22:18:59] [edge_iiotset] feature 32/61: tcp.options (card=242,565, peak RAM 5.0 GB)
[22:18:59] [edge_iiotset] feature 33/61: tcp.payload (card=274,925, peak RAM 5.0 GB)
[22:19:00] [edge_iiotset] feature 34/61: tcp.seq (card=213,310, peak RAM 5.0 GB)
[22:19:00] [edge_iiotset] feature 35/61: tcp.srcport (card=61,975, peak RAM 5.0 GB)
[22:19:00] [edge_iiotset] feature 36/61: udp.port (card=440, peak RAM 5.0 GB)
[22:19:00] [edge_iiotset] feature 37/61: udp.stream (card=120,450, peak RAM 5.0 GB)
[22:19:00] [edge_iiotset] feature 38/61: udp.time_delta (card=441, peak RAM 5.0 GB)
[22:19:00] [edge_iiotset] feature 39/61: dns.qry.name (card=12,450, peak RAM 5.0 GB)
[22:19:00] [edge_iiotset] feature 40/61: dns.qry.name.len (card=10, peak RAM 5.0 GB)
[22:19:00] [edge_iiotset] feature 41/61: dns.qry.qu (card=68, peak RAM 5.0 GB)
[22:19:00] [edge_iiotset] feature 42/61: dns.qry.type (card=1, peak RAM 5.0 GB)
[22:19:00] [edge_iiotset] feature 43/61: dns.retransmission (card=4, peak RAM 5.0 GB)
[22:19:00] [edge_iiotset] feature 44/61: dns.retransmit_request (card=2, peak RAM 5.0 GB)
[22:19:00] [edge_iiotset] feature 45/61: dns.retransmit_request_in (card=2, peak RAM 5.0 GB)
[22:19:00] [edge_iiotset] feature 46/61: mqtt.conack.flags (card=13, peak RAM 5.0 GB)
[22:19:00] [edge_iiotset] feature 47/61: mqtt.conflag.cleansess (card=2, peak RAM 5.0 GB)
[22:19:00] [edge_iiotset] feature 48/61: mqtt.conflags (card=2, peak RAM 5.0 GB)
[22:19:00] [edge_iiotset] feature 49/61: mqtt.hdrflags (card=5, peak RAM 5.0 GB)
[22:19:00] [edge_iiotset] feature 50/61: mqtt.len (card=4, peak RAM 5.0 GB)
[22:19:00] [edge_iiotset] feature 51/61: mqtt.msg_decoded_as (card=1, peak RAM 5.0 GB)
[22:19:00] [edge_iiotset] feature 52/61: mqtt.msg (card=136, peak RAM 5.0 GB)
[22:19:00] [edge_iiotset] feature 53/61: mqtt.msgtype (card=5, peak RAM 5.0 GB)
[22:19:01] [edge_iiotset] feature 54/61: mqtt.proto_len (card=2, peak RAM 5.0 GB)
[22:19:01] [edge_iiotset] feature 55/61: mqtt.protoname (card=3, peak RAM 5.0 GB)
[22:19:01] [edge_iiotset] feature 56/61: mqtt.topic (card=3, peak RAM 5.0 GB)
[22:19:01] [edge_iiotset] feature 57/61: mqtt.topic_len (card=2, peak RAM 5.0 GB)
[22:19:01] [edge_iiotset] feature 58/61: mqtt.ver (card=2, peak RAM 5.0 GB)
[22:19:01] [edge_iiotset] feature 59/61: mbtcp.len (card=8, peak RAM 5.0 GB)
[22:19:01] [edge_iiotset] feature 60/61: mbtcp.trans_id (card=151, peak RAM 5.0 GB)
[22:19:01] [edge_iiotset] feature 61/61: mbtcp.unit_id (card=6, peak RAM 5.0 GB)
[22:19:01] [edge_iiotset] duplicates: hashing rows (peak RAM 5.0 GB)
[22:19:04] [edge_iiotset] duplicates=815 (0.04%), constant cols=4, alias-flagged label-separating columns=['dns.qry.name.len', 'mqtt.conack.flags', 'mqtt.msg', 'mqtt.protoname', 'mqtt.topic']
[23:08:44] [x_iiotid] 820,834 rows, 65 features, files=['X-IIoTID dataset.csv']
[23:08:45] [x_iiotid] feature 1/65: Date (card=50, peak RAM 2.1 GB)
[23:08:45] [x_iiotid] feature 2/65: Timestamp (card=218,990, peak RAM 2.1 GB)
[23:08:46] [x_iiotid] feature 3/65: Scr_IP (card=36, peak RAM 2.1 GB)
[23:08:46] [x_iiotid] feature 4/65: Scr_port (card=57,460, peak RAM 2.1 GB)
[23:08:46] [x_iiotid] feature 5/65: Des_IP (card=96, peak RAM 2.1 GB)
[23:08:46] [x_iiotid] feature 6/65: Des_port (card=6,444, peak RAM 2.1 GB)
[23:08:46] [x_iiotid] feature 7/65: Protocol (card=4, peak RAM 2.1 GB)
[23:08:46] [x_iiotid] feature 8/65: Service (card=17, peak RAM 2.1 GB)
[23:08:46] [x_iiotid] feature 9/65: Duration (card=330,207, peak RAM 2.1 GB)
[23:08:46] [x_iiotid] feature 10/65: Scr_bytes (card=21,054, peak RAM 2.1 GB)
[23:08:46] [x_iiotid] feature 11/65: Des_bytes (card=51,899, peak RAM 2.1 GB)
[23:08:46] [x_iiotid] feature 12/65: Conn_state (card=2, peak RAM 2.1 GB)
[23:08:46] [x_iiotid] feature 13/65: missed_bytes (card=231, peak RAM 2.1 GB)
[23:08:46] [x_iiotid] feature 14/65: is_syn_only (card=2, peak RAM 2.1 GB)
[23:08:46] [x_iiotid] feature 15/65: Is_SYN_ACK (card=2, peak RAM 2.1 GB)
[23:08:46] [x_iiotid] feature 16/65: is_pure_ack (card=2, peak RAM 2.1 GB)
[23:08:46] [x_iiotid] feature 17/65: is_with_payload (card=2, peak RAM 2.1 GB)
[23:08:46] [x_iiotid] feature 18/65: FIN or RST (card=2, peak RAM 2.1 GB)
[23:08:46] [x_iiotid] feature 19/65: Bad_checksum (card=1, peak RAM 2.1 GB)
[23:08:46] [x_iiotid] feature 20/65: is_SYN_with_RST (card=1, peak RAM 2.1 GB)
[23:08:46] [x_iiotid] feature 21/65: Scr_pkts (card=1,211, peak RAM 2.1 GB)
[23:08:46] [x_iiotid] feature 22/65: Scr_ip_bytes (card=32,872, peak RAM 2.1 GB)
[23:08:46] [x_iiotid] feature 23/65: Des_pkts (card=1,556, peak RAM 2.1 GB)
[23:08:46] [x_iiotid] feature 24/65: Des_ip_bytes (card=55,574, peak RAM 2.1 GB)
[23:08:46] [x_iiotid] feature 25/65: anomaly_alert (card=3, peak RAM 2.1 GB)
[23:08:46] [x_iiotid] feature 26/65: total_bytes (card=62,464, peak RAM 2.1 GB)
[23:08:47] [x_iiotid] feature 27/65: total_packet (card=2,216, peak RAM 2.1 GB)
[23:08:47] [x_iiotid] feature 28/65: paket_rate (card=303,353, peak RAM 2.1 GB)
[23:08:47] [x_iiotid] feature 29/65: byte_rate (card=339,658, peak RAM 2.1 GB)
[23:08:47] [x_iiotid] feature 30/65: Scr_packts_ratio (card=19,995, peak RAM 2.1 GB)
[23:08:47] [x_iiotid] feature 31/65: Des_pkts_ratio (card=19,995, peak RAM 2.1 GB)
[23:08:47] [x_iiotid] feature 32/65: Scr_bytes_ratio (card=72,716, peak RAM 2.1 GB)
[23:08:48] [x_iiotid] feature 33/65: Des_bytes_ratio (card=72,716, peak RAM 2.1 GB)
[23:08:48] [x_iiotid] feature 34/65: Avg_user_time (card=12,635, peak RAM 2.1 GB)
[23:08:48] [x_iiotid] feature 35/65: Std_user_time (card=51,646, peak RAM 2.1 GB)
[23:08:48] [x_iiotid] feature 36/65: Avg_nice_time (card=4,551, peak RAM 2.1 GB)
[23:08:48] [x_iiotid] feature 37/65: Std_nice_time (card=50,541, peak RAM 2.1 GB)
[23:08:48] [x_iiotid] feature 38/65: Avg_system_time (card=5,174, peak RAM 2.1 GB)
[23:08:48] [x_iiotid] feature 39/65: Std_system_time (card=50,456, peak RAM 2.1 GB)
[23:08:48] [x_iiotid] feature 40/65: Avg_iowait_time (card=10,157, peak RAM 2.1 GB)
[23:08:48] [x_iiotid] feature 41/65: Std_iowait_time (card=30,703, peak RAM 2.1 GB)
[23:08:48] [x_iiotid] feature 42/65: Avg_ideal_time (card=19,705, peak RAM 2.1 GB)
[23:08:48] [x_iiotid] feature 43/65: Std_ideal_time (card=51,725, peak RAM 2.1 GB)
[23:08:48] [x_iiotid] feature 44/65: Avg_tps (card=3,736, peak RAM 2.1 GB)
[23:08:48] [x_iiotid] feature 45/65: Std_tps (card=21,771, peak RAM 2.1 GB)
[23:08:48] [x_iiotid] feature 46/65: Avg_rtps (card=2,254, peak RAM 2.1 GB)
[23:08:48] [x_iiotid] feature 47/65: Std_rtps (card=16,492, peak RAM 2.1 GB)
[23:08:48] [x_iiotid] feature 48/65: Avg_wtps (card=2,017, peak RAM 2.1 GB)
[23:08:48] [x_iiotid] feature 49/65: Std_wtps (card=11,124, peak RAM 2.1 GB)
[23:08:48] [x_iiotid] feature 50/65: Avg_ldavg_1 (card=2,814, peak RAM 2.1 GB)
[23:08:48] [x_iiotid] feature 51/65: Std_ldavg_1 (card=3,450, peak RAM 2.1 GB)
[23:08:48] [x_iiotid] feature 52/65: Avg_kbmemused (card=28,144, peak RAM 2.1 GB)
[23:08:48] [x_iiotid] feature 53/65: Std_kbmemused (card=51,523, peak RAM 2.1 GB)
[23:08:49] [x_iiotid] feature 54/65: Avg_num_Proc/s (card=1,061, peak RAM 2.1 GB)
[23:08:49] [x_iiotid] feature 55/65: Std_num_proc/s (card=3,649, peak RAM 2.1 GB)
[23:08:49] [x_iiotid] feature 56/65: Avg_num_cswch/s (card=14,986, peak RAM 2.1 GB)
[23:08:49] [x_iiotid] feature 57/65: std_num_cswch/s (card=51,588, peak RAM 2.1 GB)
[23:08:49] [x_iiotid] feature 58/65: OSSEC_alert (card=2, peak RAM 2.1 GB)
[23:08:49] [x_iiotid] feature 59/65: OSSEC_alert_level (card=6, peak RAM 2.1 GB)
[23:08:49] [x_iiotid] feature 60/65: Login_attempt (card=2, peak RAM 2.1 GB)
[23:08:49] [x_iiotid] feature 61/65: Succesful_login (card=2, peak RAM 2.1 GB)
[23:08:49] [x_iiotid] feature 62/65: File_activity (card=2, peak RAM 2.1 GB)
[23:08:49] [x_iiotid] feature 63/65: Process_activity (card=2, peak RAM 2.1 GB)
[23:08:49] [x_iiotid] feature 64/65: read_write_physical.process (card=2, peak RAM 2.1 GB)
[23:08:49] [x_iiotid] feature 65/65: is_privileged (card=2, peak RAM 2.1 GB)
[23:08:49] [x_iiotid] duplicates: hashing rows (peak RAM 2.1 GB)
[23:08:50] [x_iiotid] duplicates=6,222 (0.76%), constant cols=2, alias-flagged label-separating columns=[]
[00:46:44] [ciciot2023] 1,050,177 rows, 46 features, files=['part-00000-363d1ba3-8ab5-4f96-bc25-4d5862db7cb9-c000.csv', 'part-00001-363d1ba3-8ab5-4f96-bc25-4d5862db7cb9-c000.csv', 'part-00002-363d1ba3-8ab5-4f96-bc25-4d5862db7cb9-c000.csv', 'part-00003-363d1ba3-8ab5-4f96-bc25-4d5862db7cb9-c000.csv', 'part-00004-363d1ba3-8ab5-4f96-bc25-4d5862db7cb9-c000.csv', 'part-00005-363d1ba3-8ab5-4f96-bc25-4d5862db7cb9-c000.csv', 'part-00006-363d1ba3-8ab5-4f96-bc25-4d5862db7cb9-c000.csv', 'part-00007-363d1ba3-8ab5-4f96-bc25-4d5862db7cb9-c000.csv', 'part-00008-363d1ba3-8ab5-4f96-bc25-4d5862db7cb9-c000.csv', 'part-00009-363d1ba3-8ab5-4f96-bc25-4d5862db7cb9-c000.csv', 'part-00010-363d1ba3-8ab5-4f96-bc25-4d5862db7cb9-c000.csv', 'part-00011-363d1ba3-8ab5-4f96-bc25-4d5862db7cb9-c000.csv', 'part-00012-363d1ba3-8ab5-4f96-bc25-4d5862db7cb9-c000.csv', 'part-00013-363d1ba3-8ab5-4f96-bc25-4d5862db7cb9-c000.csv', 'part-00014-363d1ba3-8ab5-4f96-bc25-4d5862db7cb9-c000.csv', 'part-00015-363d1ba3-8ab5-4f96-bc25-4d5862db7cb9-c000.csv', 'part-00016-363d1ba3-8ab5-4f96-bc25-4d5862db7cb9-c000.csv', 'part-00017-363d1ba3-8ab5-4f96-bc25-4d5862db7cb9-c000.csv', 'part-00018-363d1ba3-8ab5-4f96-bc25-4d5862db7cb9-c000.csv', 'part-00019-363d1ba3-8ab5-4f96-bc25-4d5862db7cb9-c000.csv', 'part-00020-363d1ba3-8ab5-4f96-bc25-4d5862db7cb9-c000.csv', 'part-00021-363d1ba3-8ab5-4f96-bc25-4d5862db7cb9-c000.csv', 'part-00022-363d1ba3-8ab5-4f96-bc25-4d5862db7cb9-c000.csv', 'part-00023-363d1ba3-8ab5-4f96-bc25-4d5862db7cb9-c000.csv', 'part-00024-363d1ba3-8ab5-4f96-bc25-4d5862db7cb9-c000.csv', 'part-00025-363d1ba3-8ab5-4f96-bc25-4d5862db7cb9-c000.csv', 'part-00026-363d1ba3-8ab5-4f96-bc25-4d5862db7cb9-c000.csv', 'part-00027-363d1ba3-8ab5-4f96-bc25-4d5862db7cb9-c000.csv', 'part-00028-363d1ba3-8ab5-4f96-bc25-4d5862db7cb9-c000.csv', 'part-00029-363d1ba3-8ab5-4f96-bc25-4d5862db7cb9-c000.csv', 'part-00030-363d1ba3-8ab5-4f96-bc25-4d5862db7cb9-c000.csv', 'part-00031-363d1ba3-8ab5-4f96-bc25-4d5862db7cb9-c000.csv', 'part-00032-363d1ba3-8ab5-4f96-bc25-4d5862db7cb9-c000.csv', 'part-00033-363d1ba3-8ab5-4f96-bc25-4d5862db7cb9-c000.csv', 'part-00034-363d1ba3-8ab5-4f96-bc25-4d5862db7cb9-c000.csv', 'part-00035-363d1ba3-8ab5-4f96-bc25-4d5862db7cb9-c000.csv', 'part-00036-363d1ba3-8ab5-4f96-bc25-4d5862db7cb9-c000.csv', 'part-00037-363d1ba3-8ab5-4f96-bc25-4d5862db7cb9-c000.csv', 'part-00038-363d1ba3-8ab5-4f96-bc25-4d5862db7cb9-c000.csv', 'part-00039-363d1ba3-8ab5-4f96-bc25-4d5862db7cb9-c000.csv', 'part-00040-363d1ba3-8ab5-4f96-bc25-4d5862db7cb9-c000.csv', 'part-00041-363d1ba3-8ab5-4f96-bc25-4d5862db7cb9-c000.csv', 'part-00042-363d1ba3-8ab5-4f96-bc25-4d5862db7cb9-c000.csv', 'part-00043-363d1ba3-8ab5-4f96-bc25-4d5862db7cb9-c000.csv', 'part-00044-363d1ba3-8ab5-4f96-bc25-4d5862db7cb9-c000.csv', 'part-00045-363d1ba3-8ab5-4f96-bc25-4d5862db7cb9-c000.csv', 'part-00046-363d1ba3-8ab5-4f96-bc25-4d5862db7cb9-c000.csv', 'part-00047-363d1ba3-8ab5-4f96-bc25-4d5862db7cb9-c000.csv', 'part-00048-363d1ba3-8ab5-4f96-bc25-4d5862db7cb9-c000.csv', 'part-00049-363d1ba3-8ab5-4f96-bc25-4d5862db7cb9-c000.csv', 'part-00050-363d1ba3-8ab5-4f96-bc25-4d5862db7cb9-c000.csv', 'part-00051-363d1ba3-8ab5-4f96-bc25-4d5862db7cb9-c000.csv', 'part-00052-363d1ba3-8ab5-4f96-bc25-4d5862db7cb9-c000.csv', 'part-00053-363d1ba3-8ab5-4f96-bc25-4d5862db7cb9-c000.csv', 'part-00054-363d1ba3-8ab5-4f96-bc25-4d5862db7cb9-c000.csv', 'part-00055-363d1ba3-8ab5-4f96-bc25-4d5862db7cb9-c000.csv', 'part-00056-363d1ba3-8ab5-4f96-bc25-4d5862db7cb9-c000.csv', 'part-00057-363d1ba3-8ab5-4f96-bc25-4d5862db7cb9-c000.csv', 'part-00058-363d1ba3-8ab5-4f96-bc25-4d5862db7cb9-c000.csv', 'part-00059-363d1ba3-8ab5-4f96-bc25-4d5862db7cb9-c000.csv', 'part-00060-363d1ba3-8ab5-4f96-bc25-4d5862db7cb9-c000.csv', 'part-00061-363d1ba3-8ab5-4f96-bc25-4d5862db7cb9-c000.csv', 'part-00062-363d1ba3-8ab5-4f96-bc25-4d5862db7cb9-c000.csv', 'part-00063-363d1ba3-8ab5-4f96-bc25-4d5862db7cb9-c000.csv', 'part-00064-363d1ba3-8ab5-4f96-bc25-4d5862db7cb9-c000.csv', 'part-00065-363d1ba3-8ab5-4f96-bc25-4d5862db7cb9-c000.csv', 'part-00066-363d1ba3-8ab5-4f96-bc25-4d5862db7cb9-c000.csv', 'part-00067-363d1ba3-8ab5-4f96-bc25-4d5862db7cb9-c000.csv', 'part-00068-363d1ba3-8ab5-4f96-bc25-4d5862db7cb9-c000.csv', 'part-00069-363d1ba3-8ab5-4f96-bc25-4d5862db7cb9-c000.csv', 'part-00070-363d1ba3-8ab5-4f96-bc25-4d5862db7cb9-c000.csv', 'part-00071-363d1ba3-8ab5-4f96-bc25-4d5862db7cb9-c000.csv', 'part-00072-363d1ba3-8ab5-4f96-bc25-4d5862db7cb9-c000.csv', 'part-00073-363d1ba3-8ab5-4f96-bc25-4d5862db7cb9-c000.csv', 'part-00074-363d1ba3-8ab5-4f96-bc25-4d5862db7cb9-c000.csv', 'part-00075-363d1ba3-8ab5-4f96-bc25-4d5862db7cb9-c000.csv', 'part-00076-363d1ba3-8ab5-4f96-bc25-4d5862db7cb9-c000.csv', 'part-00077-363d1ba3-8ab5-4f96-bc25-4d5862db7cb9-c000.csv', 'part-00078-363d1ba3-8ab5-4f96-bc25-4d5862db7cb9-c000.csv', 'part-00079-363d1ba3-8ab5-4f96-bc25-4d5862db7cb9-c000.csv', 'part-00080-363d1ba3-8ab5-4f96-bc25-4d5862db7cb9-c000.csv', 'part-00081-363d1ba3-8ab5-4f96-bc25-4d5862db7cb9-c000.csv', 'part-00082-363d1ba3-8ab5-4f96-bc25-4d5862db7cb9-c000.csv', 'part-00083-363d1ba3-8ab5-4f96-bc25-4d5862db7cb9-c000.csv', 'part-00084-363d1ba3-8ab5-4f96-bc25-4d5862db7cb9-c000.csv', 'part-00085-363d1ba3-8ab5-4f96-bc25-4d5862db7cb9-c000.csv', 'part-00086-363d1ba3-8ab5-4f96-bc25-4d5862db7cb9-c000.csv', 'part-00087-363d1ba3-8ab5-4f96-bc25-4d5862db7cb9-c000.csv', 'part-00088-363d1ba3-8ab5-4f96-bc25-4d5862db7cb9-c000.csv', 'part-00089-363d1ba3-8ab5-4f96-bc25-4d5862db7cb9-c000.csv', 'part-00090-363d1ba3-8ab5-4f96-bc25-4d5862db7cb9-c000.csv', 'part-00091-363d1ba3-8ab5-4f96-bc25-4d5862db7cb9-c000.csv', 'part-00092-363d1ba3-8ab5-4f96-bc25-4d5862db7cb9-c000.csv', 'part-00093-363d1ba3-8ab5-4f96-bc25-4d5862db7cb9-c000.csv', 'part-00094-363d1ba3-8ab5-4f96-bc25-4d5862db7cb9-c000.csv', 'part-00095-363d1ba3-8ab5-4f96-bc25-4d5862db7cb9-c000.csv', 'part-00096-363d1ba3-8ab5-4f96-bc25-4d5862db7cb9-c000.csv', 'part-00097-363d1ba3-8ab5-4f96-bc25-4d5862db7cb9-c000.csv', 'part-00098-363d1ba3-8ab5-4f96-bc25-4d5862db7cb9-c000.csv', 'part-00099-363d1ba3-8ab5-4f96-bc25-4d5862db7cb9-c000.csv', 'part-00100-363d1ba3-8ab5-4f96-bc25-4d5862db7cb9-c000.csv', 'part-00101-363d1ba3-8ab5-4f96-bc25-4d5862db7cb9-c000.csv', 'part-00102-363d1ba3-8ab5-4f96-bc25-4d5862db7cb9-c000.csv', 'part-00103-363d1ba3-8ab5-4f96-bc25-4d5862db7cb9-c000.csv', 'part-00104-363d1ba3-8ab5-4f96-bc25-4d5862db7cb9-c000.csv', 'part-00105-363d1ba3-8ab5-4f96-bc25-4d5862db7cb9-c000.csv', 'part-00106-363d1ba3-8ab5-4f96-bc25-4d5862db7cb9-c000.csv', 'part-00107-363d1ba3-8ab5-4f96-bc25-4d5862db7cb9-c000.csv', 'part-00108-363d1ba3-8ab5-4f96-bc25-4d5862db7cb9-c000.csv', 'part-00109-363d1ba3-8ab5-4f96-bc25-4d5862db7cb9-c000.csv', 'part-00110-363d1ba3-8ab5-4f96-bc25-4d5862db7cb9-c000.csv', 'part-00111-363d1ba3-8ab5-4f96-bc25-4d5862db7cb9-c000.csv', 'part-00112-363d1ba3-8ab5-4f96-bc25-4d5862db7cb9-c000.csv', 'part-00113-363d1ba3-8ab5-4f96-bc25-4d5862db7cb9-c000.csv', 'part-00114-363d1ba3-8ab5-4f96-bc25-4d5862db7cb9-c000.csv', 'part-00115-363d1ba3-8ab5-4f96-bc25-4d5862db7cb9-c000.csv', 'part-00116-363d1ba3-8ab5-4f96-bc25-4d5862db7cb9-c000.csv', 'part-00117-363d1ba3-8ab5-4f96-bc25-4d5862db7cb9-c000.csv', 'part-00118-363d1ba3-8ab5-4f96-bc25-4d5862db7cb9-c000.csv', 'part-00119-363d1ba3-8ab5-4f96-bc25-4d5862db7cb9-c000.csv', 'part-00120-363d1ba3-8ab5-4f96-bc25-4d5862db7cb9-c000.csv', 'part-00121-363d1ba3-8ab5-4f96-bc25-4d5862db7cb9-c000.csv', 'part-00122-363d1ba3-8ab5-4f96-bc25-4d5862db7cb9-c000.csv', 'part-00123-363d1ba3-8ab5-4f96-bc25-4d5862db7cb9-c000.csv', 'part-00124-363d1ba3-8ab5-4f96-bc25-4d5862db7cb9-c000.csv', 'part-00125-363d1ba3-8ab5-4f96-bc25-4d5862db7cb9-c000.csv', 'part-00126-363d1ba3-8ab5-4f96-bc25-4d5862db7cb9-c000.csv', 'part-00127-363d1ba3-8ab5-4f96-bc25-4d5862db7cb9-c000.csv', 'part-00128-363d1ba3-8ab5-4f96-bc25-4d5862db7cb9-c000.csv', 'part-00129-363d1ba3-8ab5-4f96-bc25-4d5862db7cb9-c000.csv', 'part-00130-363d1ba3-8ab5-4f96-bc25-4d5862db7cb9-c000.csv', 'part-00131-363d1ba3-8ab5-4f96-bc25-4d5862db7cb9-c000.csv', 'part-00132-363d1ba3-8ab5-4f96-bc25-4d5862db7cb9-c000.csv', 'part-00133-363d1ba3-8ab5-4f96-bc25-4d5862db7cb9-c000.csv', 'part-00134-363d1ba3-8ab5-4f96-bc25-4d5862db7cb9-c000.csv', 'part-00135-363d1ba3-8ab5-4f96-bc25-4d5862db7cb9-c000.csv', 'part-00136-363d1ba3-8ab5-4f96-bc25-4d5862db7cb9-c000.csv', 'part-00137-363d1ba3-8ab5-4f96-bc25-4d5862db7cb9-c000.csv', 'part-00138-363d1ba3-8ab5-4f96-bc25-4d5862db7cb9-c000.csv', 'part-00139-363d1ba3-8ab5-4f96-bc25-4d5862db7cb9-c000.csv', 'part-00140-363d1ba3-8ab5-4f96-bc25-4d5862db7cb9-c000.csv', 'part-00141-363d1ba3-8ab5-4f96-bc25-4d5862db7cb9-c000.csv', 'part-00142-363d1ba3-8ab5-4f96-bc25-4d5862db7cb9-c000.csv', 'part-00143-363d1ba3-8ab5-4f96-bc25-4d5862db7cb9-c000.csv', 'part-00144-363d1ba3-8ab5-4f96-bc25-4d5862db7cb9-c000.csv', 'part-00145-363d1ba3-8ab5-4f96-bc25-4d5862db7cb9-c000.csv', 'part-00146-363d1ba3-8ab5-4f96-bc25-4d5862db7cb9-c000.csv', 'part-00147-363d1ba3-8ab5-4f96-bc25-4d5862db7cb9-c000.csv', 'part-00148-363d1ba3-8ab5-4f96-bc25-4d5862db7cb9-c000.csv', 'part-00149-363d1ba3-8ab5-4f96-bc25-4d5862db7cb9-c000.csv', 'part-00150-363d1ba3-8ab5-4f96-bc25-4d5862db7cb9-c000.csv', 'part-00151-363d1ba3-8ab5-4f96-bc25-4d5862db7cb9-c000.csv', 'part-00152-363d1ba3-8ab5-4f96-bc25-4d5862db7cb9-c000.csv', 'part-00153-363d1ba3-8ab5-4f96-bc25-4d5862db7cb9-c000.csv', 'part-00154-363d1ba3-8ab5-4f96-bc25-4d5862db7cb9-c000.csv', 'part-00155-363d1ba3-8ab5-4f96-bc25-4d5862db7cb9-c000.csv', 'part-00156-363d1ba3-8ab5-4f96-bc25-4d5862db7cb9-c000.csv', 'part-00157-363d1ba3-8ab5-4f96-bc25-4d5862db7cb9-c000.csv', 'part-00158-363d1ba3-8ab5-4f96-bc25-4d5862db7cb9-c000.csv', 'part-00159-363d1ba3-8ab5-4f96-bc25-4d5862db7cb9-c000.csv', 'part-00160-363d1ba3-8ab5-4f96-bc25-4d5862db7cb9-c000.csv', 'part-00161-363d1ba3-8ab5-4f96-bc25-4d5862db7cb9-c000.csv', 'part-00162-363d1ba3-8ab5-4f96-bc25-4d5862db7cb9-c000.csv', 'part-00163-363d1ba3-8ab5-4f96-bc25-4d5862db7cb9-c000.csv', 'part-00164-363d1ba3-8ab5-4f96-bc25-4d5862db7cb9-c000.csv', 'part-00165-363d1ba3-8ab5-4f96-bc25-4d5862db7cb9-c000.csv', 'part-00166-363d1ba3-8ab5-4f96-bc25-4d5862db7cb9-c000.csv', 'part-00167-363d1ba3-8ab5-4f96-bc25-4d5862db7cb9-c000.csv', 'part-00168-363d1ba3-8ab5-4f96-bc25-4d5862db7cb9-c000.csv']
[00:46:46] [ciciot2023] feature 1/46: flow_duration (card=737,163, peak RAM 2.6 GB)
[00:46:47] [ciciot2023] feature 2/46: Header_Length (card=472,938, peak RAM 2.6 GB)
[00:46:47] [ciciot2023] feature 3/46: Protocol Type (card=3,938, peak RAM 2.6 GB)
[00:46:47] [ciciot2023] feature 4/46: Duration (card=11,851, peak RAM 2.6 GB)
[00:46:48] [ciciot2023] feature 5/46: Rate (card=981,793, peak RAM 2.6 GB)
[00:46:49] [ciciot2023] feature 6/46: Srate (card=981,793, peak RAM 2.6 GB)
[00:46:51] [ciciot2023] feature 7/46: Drate (card=45, peak RAM 2.6 GB)
[00:46:51] [ciciot2023] feature 8/46: fin_flag_number (card=2, peak RAM 2.6 GB)
[00:46:51] [ciciot2023] feature 9/46: syn_flag_number (card=2, peak RAM 2.6 GB)
[00:46:51] [ciciot2023] feature 10/46: rst_flag_number (card=2, peak RAM 2.6 GB)
[00:46:51] [ciciot2023] feature 11/46: psh_flag_number (card=2, peak RAM 2.6 GB)
[00:46:51] [ciciot2023] feature 12/46: ack_flag_number (card=2, peak RAM 2.6 GB)
[00:46:51] [ciciot2023] feature 13/46: ece_flag_number (card=2, peak RAM 2.6 GB)
[00:46:51] [ciciot2023] feature 14/46: cwr_flag_number (card=2, peak RAM 2.6 GB)
[00:46:51] [ciciot2023] feature 15/46: ack_count (card=572, peak RAM 2.6 GB)
[00:46:51] [ciciot2023] feature 16/46: syn_count (card=1,200, peak RAM 2.6 GB)
[00:46:51] [ciciot2023] feature 17/46: fin_count (card=859, peak RAM 2.6 GB)
[00:46:51] [ciciot2023] feature 18/46: urg_count (card=30,121, peak RAM 2.6 GB)
[00:46:51] [ciciot2023] feature 19/46: rst_count (card=59,891, peak RAM 2.6 GB)
[00:46:51] [ciciot2023] feature 20/46: HTTP (card=2, peak RAM 2.6 GB)
[00:46:51] [ciciot2023] feature 21/46: HTTPS (card=2, peak RAM 2.6 GB)
[00:46:51] [ciciot2023] feature 22/46: DNS (card=2, peak RAM 2.6 GB)
[00:46:51] [ciciot2023] feature 23/46: Telnet (card=2, peak RAM 2.6 GB)
[00:46:51] [ciciot2023] feature 24/46: SMTP (card=1, peak RAM 2.6 GB)
[00:46:51] [ciciot2023] feature 25/46: SSH (card=2, peak RAM 2.6 GB)
[00:46:51] [ciciot2023] feature 26/46: IRC (card=2, peak RAM 2.6 GB)
[00:46:51] [ciciot2023] feature 27/46: TCP (card=2, peak RAM 2.6 GB)
[00:46:51] [ciciot2023] feature 28/46: UDP (card=2, peak RAM 2.6 GB)
[00:46:51] [ciciot2023] feature 29/46: DHCP (card=2, peak RAM 2.6 GB)
[00:46:51] [ciciot2023] feature 30/46: ARP (card=2, peak RAM 2.6 GB)
[00:46:51] [ciciot2023] feature 31/46: ICMP (card=2, peak RAM 2.6 GB)
[00:46:51] [ciciot2023] feature 32/46: IPv (card=2, peak RAM 2.6 GB)
[00:46:51] [ciciot2023] feature 33/46: LLC (card=2, peak RAM 2.6 GB)
[00:46:51] [ciciot2023] feature 34/46: Tot sum (card=275,292, peak RAM 2.6 GB)
[00:46:52] [ciciot2023] feature 35/46: Min (card=51,441, peak RAM 2.6 GB)
[00:46:52] [ciciot2023] feature 36/46: Max (card=108,657, peak RAM 2.6 GB)
[00:46:52] [ciciot2023] feature 37/46: AVG (card=543,966, peak RAM 2.6 GB)
[00:46:53] [ciciot2023] feature 38/46: Std (card=527,381, peak RAM 2.6 GB)
[00:46:54] [ciciot2023] feature 39/46: Tot size (card=86,240, peak RAM 2.6 GB)
[00:46:54] [ciciot2023] feature 40/46: IAT (card=1,013,764, peak RAM 2.6 GB)
[00:46:56] [ciciot2023] feature 41/46: Number (card=97, peak RAM 2.6 GB)
[00:46:56] [ciciot2023] feature 42/46: Magnitue (card=539,165, peak RAM 2.6 GB)
[00:46:56] [ciciot2023] feature 43/46: Radius (card=520,488, peak RAM 2.6 GB)
[00:46:57] [ciciot2023] feature 44/46: Covariance (card=520,907, peak RAM 2.6 GB)
[00:46:58] [ciciot2023] feature 45/46: Variance (card=589, peak RAM 2.6 GB)
[00:46:58] [ciciot2023] feature 46/46: Weight (card=103, peak RAM 2.6 GB)
[00:46:58] [ciciot2023] duplicates: hashing rows (peak RAM 2.6 GB)
[00:47:02] [ciciot2023] duplicates=0 (0.00%), constant cols=1, alias-flagged label-separating columns=[]
