[22:19:23] [edge_iiotset] 1A done. Top: mqtt.conack.flags(raw_token) MCC=1.000; mqtt.msg(raw_token) MCC=1.000; mqtt.protoname(raw_token) MCC=1.000; mqtt.topic(raw_token) MCC=1.000; dns.qry.name.len(raw_token) MCC=1.000
[22:19:26] [edge_iiotset] 1B done. suspected columns = ['dns.qry.name.len', 'mqtt.conack.flags', 'mqtt.msg', 'mqtt.protoname', 'mqtt.topic']
[22:20:13] [edge_iiotset] 1C A_original seed=42: MacroF1=1.0000 MCC=1.0000 binMCC=1.0000
[22:20:55] [edge_iiotset] 1C A_original seed=7: MacroF1=1.0000 MCC=1.0000 binMCC=1.0000
[22:21:37] [edge_iiotset] 1C A_original seed=13: MacroF1=1.0000 MCC=1.0000 binMCC=1.0000
[22:22:19] [edge_iiotset] 1C A_original seed=21: MacroF1=1.0000 MCC=1.0000 binMCC=1.0000
[22:23:01] [edge_iiotset] 1C A_original seed=99: MacroF1=1.0000 MCC=1.0000 binMCC=1.0000
[22:23:41] [edge_iiotset] 1C B_artifact_removed seed=42: MacroF1=0.9934 MCC=0.9980 binMCC=0.9977
[22:24:21] [edge_iiotset] 1C B_artifact_removed seed=7: MacroF1=0.9955 MCC=0.9979 binMCC=0.9976
[22:24:55] [edge_iiotset] 1C B_artifact_removed seed=13: MacroF1=0.9953 MCC=0.9983 binMCC=0.9980
[22:25:39] [edge_iiotset] 1C B_artifact_removed seed=21: MacroF1=0.9974 MCC=0.9987 binMCC=0.9985
[22:26:14] [edge_iiotset] 1C B_artifact_removed seed=99: MacroF1=0.9963 MCC=0.9981 binMCC=0.9979
[22:26:56] [edge_iiotset] 1C C_artifact_neutralized seed=42: MacroF1=1.0000 MCC=1.0000 binMCC=1.0000
[22:27:37] [edge_iiotset] 1C C_artifact_neutralized seed=7: MacroF1=1.0000 MCC=1.0000 binMCC=1.0000
[22:28:18] [edge_iiotset] 1C C_artifact_neutralized seed=13: MacroF1=1.0000 MCC=1.0000 binMCC=1.0000
[22:28:59] [edge_iiotset] 1C C_artifact_neutralized seed=21: MacroF1=1.0000 MCC=1.0000 binMCC=1.0000
[22:29:39] [edge_iiotset] 1C C_artifact_neutralized seed=99: MacroF1=1.0000 MCC=1.0000 binMCC=1.0000
[22:30:00] [edge_iiotset] 1C D_strict_clean seed=42: MacroF1=0.8958 MCC=0.9694 binMCC=0.9884
[22:30:22] [edge_iiotset] 1C D_strict_clean seed=7: MacroF1=0.8925 MCC=0.9673 binMCC=0.9890
[22:30:42] [edge_iiotset] 1C D_strict_clean seed=13: MacroF1=0.8928 MCC=0.9686 binMCC=0.9889
[22:31:12] [edge_iiotset] 1C D_strict_clean seed=21: MacroF1=0.8912 MCC=0.9692 binMCC=0.9909
[22:31:39] [edge_iiotset] 1C D_strict_clean seed=99: MacroF1=0.8912 MCC=0.9679 binMCC=0.9898
[22:31:45] [edge_iiotset] 1D done: {'exact_row_overlap_test_in_train(content cols)': 0.16219096478243336, 'median_nn_dist_std_units': 16.468814849853516, 'frac_nn_dist_lt_0.05': 0.001, 'frac_nn_dist_lt_0.5': 0.0306}
[22:35:10] [edge_iiotset] 1E done:
                           split        variant  MacroF1      MCC  BinaryMCC  test_classes_present
               random_stratified     A_original 1.000000 1.000000   1.000000                    15
               random_stratified D_strict_clean 0.895774 0.969431   0.988388                    15
grouped(ip.src_host+ip.dst_host)     A_original 1.000000 1.000000   1.000000                    13
grouped(ip.src_host+ip.dst_host) D_strict_clean 0.647693 0.933468   1.000000                    13
              temporal(last 20%)     A_original 0.285714 0.388619   1.000000                     7
              temporal(last 20%) D_strict_clean 0.413237 0.404763   0.992407                     7
[22:35:10] [edge_iiotset] DECISION: CASE B -- leakage present; model must be re-tested on the clean variant
[23:09:16] [x_iiotid] 1A done. Top: Scr_IP(raw_token) MCC=0.993; Timestamp(raw_token) MCC=0.791; Scr_ip_bytes(raw_token) MCC=0.778; Scr_bytes(raw_token) MCC=0.770; Std_kbmemused(raw_token) MCC=0.765
[23:09:16] [x_iiotid] 1B done. suspected columns = []
[23:10:04] [x_iiotid] 1C A_original seed=42: MacroF1=0.9958 MCC=0.9999 binMCC=0.9999
[23:10:59] [x_iiotid] 1C A_original seed=7: MacroF1=0.9997 MCC=0.9999 binMCC=0.9998
[23:11:54] [x_iiotid] 1C A_original seed=13: MacroF1=0.9994 MCC=0.9998 binMCC=0.9998
[23:12:47] [x_iiotid] 1C A_original seed=21: MacroF1=0.9995 MCC=0.9999 binMCC=0.9998
[23:13:42] [x_iiotid] 1C A_original seed=99: MacroF1=0.9928 MCC=0.9999 binMCC=0.9998
[23:14:27] [x_iiotid] 1C B_artifact_removed seed=42: MacroF1=0.9958 MCC=0.9999 binMCC=0.9999
[23:15:22] [x_iiotid] 1C B_artifact_removed seed=7: MacroF1=0.9997 MCC=0.9999 binMCC=0.9998
[23:16:20] [x_iiotid] 1C B_artifact_removed seed=13: MacroF1=0.9994 MCC=0.9998 binMCC=0.9998
[23:17:17] [x_iiotid] 1C B_artifact_removed seed=21: MacroF1=0.9995 MCC=0.9999 binMCC=0.9998
[23:18:16] [x_iiotid] 1C B_artifact_removed seed=99: MacroF1=0.9928 MCC=0.9999 binMCC=0.9998
[23:19:03] [x_iiotid] 1C C_artifact_neutralized seed=42: MacroF1=0.9958 MCC=0.9999 binMCC=0.9999
[23:20:01] [x_iiotid] 1C C_artifact_neutralized seed=7: MacroF1=0.9997 MCC=0.9999 binMCC=0.9998
[23:21:00] [x_iiotid] 1C C_artifact_neutralized seed=13: MacroF1=0.9994 MCC=0.9998 binMCC=0.9998
[23:21:57] [x_iiotid] 1C C_artifact_neutralized seed=21: MacroF1=0.9995 MCC=0.9999 binMCC=0.9998
[23:22:58] [x_iiotid] 1C C_artifact_neutralized seed=99: MacroF1=0.9928 MCC=0.9999 binMCC=0.9998
[23:23:41] [x_iiotid] 1C D_strict_clean seed=42: MacroF1=0.9551 MCC=0.9921 binMCC=0.9893
[23:24:16] [x_iiotid] 1C D_strict_clean seed=7: MacroF1=0.9396 MCC=0.9908 binMCC=0.9873
[23:24:54] [x_iiotid] 1C D_strict_clean seed=13: MacroF1=0.9282 MCC=0.9913 binMCC=0.9881
[23:25:47] [x_iiotid] 1C D_strict_clean seed=21: MacroF1=0.9392 MCC=0.9940 binMCC=0.9919
[23:26:21] [x_iiotid] 1C D_strict_clean seed=99: MacroF1=0.9520 MCC=0.9913 binMCC=0.9882
[23:26:24] [x_iiotid] 1D done: {'exact_row_overlap_test_in_train(content cols)': 0.021338027740045198, 'median_nn_dist_std_units': 0.9825819730758667, 'frac_nn_dist_lt_0.05': 0.3182, 'frac_nn_dist_lt_0.5': 0.4368}
[23:31:08] [x_iiotid] 1E done:
                 split        variant  MacroF1      MCC  BinaryMCC  test_classes_present
     random_stratified     A_original 0.995756 0.999856   0.999867                    19
     random_stratified D_strict_clean 0.955095 0.992054   0.989260                    19
grouped(Scr_IP+Des_IP)     A_original 0.998525 0.000000   0.000000                     1
grouped(Scr_IP+Des_IP) D_strict_clean 0.904827 0.000000   0.000000                     1
    temporal(last 20%)     A_original 0.090585 0.207546   0.469125                     6
    temporal(last 20%) D_strict_clean 0.522298 0.740493   0.933698                     6
[23:31:08] [x_iiotid] DECISION: CASE B -- leakage present; model must be re-tested on the clean variant
[00:47:29] [ciciot2023] 1A done. Top: IAT(canonical_numeric) MCC=0.707; Duration(raw_token) MCC=0.292; rst_count(raw_token) MCC=0.198; Max(raw_token) MCC=0.181; Tot size(raw_token) MCC=0.150
[00:47:29] [ciciot2023] 1B done. suspected columns = []
[00:48:53] [ciciot2023] 1C A_original seed=42: MacroF1=0.8184 MCC=0.9180 binMCC=0.8002
[00:50:03] [ciciot2023] 1C A_original seed=7: MacroF1=0.8221 MCC=0.9221 binMCC=0.7890
[00:51:05] [ciciot2023] 1C A_original seed=13: MacroF1=0.8235 MCC=0.9219 binMCC=0.7617
[00:52:19] [ciciot2023] 1C A_original seed=21: MacroF1=0.8120 MCC=0.9124 binMCC=0.7874
[00:53:28] [ciciot2023] 1C A_original seed=99: MacroF1=0.7957 MCC=0.8947 binMCC=0.7976
[00:54:43] [ciciot2023] 1C B_artifact_removed seed=42: MacroF1=0.8184 MCC=0.9180 binMCC=0.8002
[00:55:47] [ciciot2023] 1C B_artifact_removed seed=7: MacroF1=0.8221 MCC=0.9221 binMCC=0.7890
[00:56:46] [ciciot2023] 1C B_artifact_removed seed=13: MacroF1=0.8235 MCC=0.9219 binMCC=0.7617
[00:57:57] [ciciot2023] 1C B_artifact_removed seed=21: MacroF1=0.8120 MCC=0.9124 binMCC=0.7874
[00:59:07] [ciciot2023] 1C B_artifact_removed seed=99: MacroF1=0.7957 MCC=0.8947 binMCC=0.7976
[01:00:23] [ciciot2023] 1C C_artifact_neutralized seed=42: MacroF1=0.8184 MCC=0.9180 binMCC=0.8002
[01:01:26] [ciciot2023] 1C C_artifact_neutralized seed=7: MacroF1=0.8221 MCC=0.9221 binMCC=0.7890
[01:02:27] [ciciot2023] 1C C_artifact_neutralized seed=13: MacroF1=0.8235 MCC=0.9219 binMCC=0.7617
[01:03:41] [ciciot2023] 1C C_artifact_neutralized seed=21: MacroF1=0.8120 MCC=0.9124 binMCC=0.7874
[01:04:48] [ciciot2023] 1C C_artifact_neutralized seed=99: MacroF1=0.7957 MCC=0.8947 binMCC=0.7976
[01:06:04] [ciciot2023] 1C D_strict_clean seed=42: MacroF1=0.8184 MCC=0.9180 binMCC=0.8002
[01:07:14] [ciciot2023] 1C D_strict_clean seed=7: MacroF1=0.8221 MCC=0.9221 binMCC=0.7890
[01:08:17] [ciciot2023] 1C D_strict_clean seed=13: MacroF1=0.8235 MCC=0.9219 binMCC=0.7617
[01:09:31] [ciciot2023] 1C D_strict_clean seed=21: MacroF1=0.8120 MCC=0.9124 binMCC=0.7874
[01:10:39] [ciciot2023] 1C D_strict_clean seed=99: MacroF1=0.7957 MCC=0.8947 binMCC=0.7976
[01:10:46] [ciciot2023] 1D done: {'exact_row_overlap_test_in_train(content cols)': 0.0, 'median_nn_dist_std_units': 0.06034656800329685, 'frac_nn_dist_lt_0.05': 0.481, 'frac_nn_dist_lt_0.5': 0.7714}
[01:13:25] [ciciot2023] 1E done:
            split        variant  MacroF1      MCC  BinaryMCC  test_classes_present
random_stratified     A_original 0.818383 0.917972   0.800162                    34
random_stratified D_strict_clean 0.818383 0.917972   0.800162                    34
[01:13:25] [ciciot2023] DECISION: CASE C -- no practically important leakage detected
