[22:35:39] [edge_iiotset] A_raw rf seed=42: MacroF1=1.0000 binMCC=1.0000
[22:36:20] [edge_iiotset] A_raw lgbm seed=42: MacroF1=1.0000 binMCC=1.0000
[22:36:24] [edge_iiotset] A_raw mlp_softmax_en seed=42: MacroF1=0.9604 binMCC=1.0000
[22:36:31] [edge_iiotset] A_raw mlp_edl_both seed=42: MacroF1=0.9623 binMCC=1.0000
[22:36:42] [edge_iiotset] A_raw rf seed=7: MacroF1=0.9999 binMCC=1.0000
[22:37:24] [edge_iiotset] A_raw lgbm seed=7: MacroF1=1.0000 binMCC=1.0000
[22:37:29] [edge_iiotset] A_raw mlp_softmax_en seed=7: MacroF1=0.9625 binMCC=1.0000
[22:37:37] [edge_iiotset] A_raw mlp_edl_both seed=7: MacroF1=0.9527 binMCC=1.0000
[22:37:48] [edge_iiotset] A_raw rf seed=13: MacroF1=1.0000 binMCC=1.0000
[22:38:53] [edge_iiotset] A_raw lgbm seed=13: MacroF1=1.0000 binMCC=1.0000
[22:38:57] [edge_iiotset] A_raw mlp_softmax_en seed=13: MacroF1=0.9633 binMCC=1.0000
[22:39:05] [edge_iiotset] A_raw mlp_edl_both seed=13: MacroF1=0.9600 binMCC=1.0000
[22:39:16] [edge_iiotset] A_raw rf seed=21: MacroF1=0.9986 binMCC=1.0000
[22:40:21] [edge_iiotset] A_raw lgbm seed=21: MacroF1=1.0000 binMCC=1.0000
[22:40:25] [edge_iiotset] A_raw mlp_softmax_en seed=21: MacroF1=0.9592 binMCC=1.0000
[22:40:31] [edge_iiotset] A_raw mlp_edl_both seed=21: MacroF1=0.9561 binMCC=1.0000
[22:40:42] [edge_iiotset] A_raw rf seed=99: MacroF1=0.9999 binMCC=1.0000
[22:41:50] [edge_iiotset] A_raw lgbm seed=99: MacroF1=1.0000 binMCC=1.0000
[22:41:56] [edge_iiotset] A_raw mlp_softmax_en seed=99: MacroF1=0.9660 binMCC=1.0000
[22:42:04] [edge_iiotset] A_raw mlp_edl_both seed=99: MacroF1=0.9598 binMCC=1.0000
[22:42:18] [edge_iiotset] D_strict rf seed=42: MacroF1=0.9038 binMCC=0.9883
[22:42:42] [edge_iiotset] D_strict lgbm seed=42: MacroF1=0.9441 binMCC=0.9883
[22:42:48] [edge_iiotset] D_strict mlp_softmax_en seed=42: MacroF1=0.8942 binMCC=0.9808
[22:42:57] [edge_iiotset] D_strict mlp_edl_both seed=42: MacroF1=0.8661 binMCC=0.9797
[22:43:12] [edge_iiotset] D_strict rf seed=7: MacroF1=0.9013 binMCC=0.9890
[22:43:36] [edge_iiotset] D_strict lgbm seed=7: MacroF1=0.9299 binMCC=0.9890
[22:43:42] [edge_iiotset] D_strict mlp_softmax_en seed=7: MacroF1=0.8738 binMCC=0.9844
[22:43:51] [edge_iiotset] D_strict mlp_edl_both seed=7: MacroF1=0.8577 binMCC=0.9844
[22:44:06] [edge_iiotset] D_strict rf seed=13: MacroF1=0.9034 binMCC=0.9889
[22:44:29] [edge_iiotset] D_strict lgbm seed=13: MacroF1=0.9397 binMCC=0.9889
[22:44:35] [edge_iiotset] D_strict mlp_softmax_en seed=13: MacroF1=0.8640 binMCC=0.9778
[22:44:44] [edge_iiotset] D_strict mlp_edl_both seed=13: MacroF1=0.8650 binMCC=0.9812
[22:44:58] [edge_iiotset] D_strict rf seed=21: MacroF1=0.9048 binMCC=0.9909
[22:45:25] [edge_iiotset] D_strict lgbm seed=21: MacroF1=0.9356 binMCC=0.9909
[22:45:31] [edge_iiotset] D_strict mlp_softmax_en seed=21: MacroF1=0.8706 binMCC=0.9818
[22:45:40] [edge_iiotset] D_strict mlp_edl_both seed=21: MacroF1=0.8689 binMCC=0.9814
[22:45:54] [edge_iiotset] D_strict rf seed=99: MacroF1=0.9037 binMCC=0.9899
[22:46:22] [edge_iiotset] D_strict lgbm seed=99: MacroF1=0.9353 binMCC=0.9899
[22:46:28] [edge_iiotset] D_strict mlp_softmax_en seed=99: MacroF1=0.8736 binMCC=0.9817
[22:46:37] [edge_iiotset] D_strict mlp_edl_both seed=99: MacroF1=0.8858 binMCC=0.9833
[22:46:52] [edge_iiotset] E3_noport rf seed=42: MacroF1=0.8434 binMCC=0.9757
[22:47:22] [edge_iiotset] E3_noport lgbm seed=42: MacroF1=0.8418 binMCC=0.9593
[22:47:29] [edge_iiotset] E3_noport mlp_softmax_en seed=42: MacroF1=0.8316 binMCC=0.9573
[22:47:38] [edge_iiotset] E3_noport mlp_edl_both seed=42: MacroF1=0.8033 binMCC=0.9585
[22:47:53] [edge_iiotset] E3_noport rf seed=7: MacroF1=0.8418 binMCC=0.9759
[22:48:23] [edge_iiotset] E3_noport lgbm seed=7: MacroF1=0.8296 binMCC=0.9607
[22:48:28] [edge_iiotset] E3_noport mlp_softmax_en seed=7: MacroF1=0.8179 binMCC=0.9587
[22:48:36] [edge_iiotset] E3_noport mlp_edl_both seed=7: MacroF1=0.7994 binMCC=0.9638
[22:48:50] [edge_iiotset] E3_noport rf seed=13: MacroF1=0.8423 binMCC=0.9748
[22:49:18] [edge_iiotset] E3_noport lgbm seed=13: MacroF1=0.8357 binMCC=0.9590
[22:49:22] [edge_iiotset] E3_noport mlp_softmax_en seed=13: MacroF1=0.8379 binMCC=0.9573
[22:49:31] [edge_iiotset] E3_noport mlp_edl_both seed=13: MacroF1=0.8078 binMCC=0.9580
[22:49:46] [edge_iiotset] E3_noport rf seed=21: MacroF1=0.8465 binMCC=0.9780
[22:50:23] [edge_iiotset] E3_noport lgbm seed=21: MacroF1=0.8350 binMCC=0.9621
[22:50:29] [edge_iiotset] E3_noport mlp_softmax_en seed=21: MacroF1=0.8195 binMCC=0.9678
[22:50:38] [edge_iiotset] E3_noport mlp_edl_both seed=21: MacroF1=0.8274 binMCC=0.9623
[22:50:53] [edge_iiotset] E3_noport rf seed=99: MacroF1=0.8476 binMCC=0.9773
[22:51:23] [edge_iiotset] E3_noport lgbm seed=99: MacroF1=0.8331 binMCC=0.9585
[22:51:29] [edge_iiotset] E3_noport mlp_softmax_en seed=99: MacroF1=0.8152 binMCC=0.9582
[22:51:38] [edge_iiotset] E3_noport mlp_edl_both seed=99: MacroF1=0.8162 binMCC=0.9587
[23:31:51] [x_iiotid] A_raw rf seed=42: MacroF1=0.9959 binMCC=0.9995
[23:33:27] [x_iiotid] A_raw lgbm seed=42: MacroF1=0.9988 binMCC=0.9999
[23:33:34] [x_iiotid] A_raw mlp_softmax_en seed=42: MacroF1=0.9761 binMCC=0.9942
[23:33:40] [x_iiotid] A_raw mlp_edl_both seed=42: MacroF1=0.9568 binMCC=0.9886
[23:34:16] [x_iiotid] A_raw rf seed=7: MacroF1=0.9983 binMCC=0.9996
[23:36:14] [x_iiotid] A_raw lgbm seed=7: MacroF1=0.9993 binMCC=0.9999
[23:36:19] [x_iiotid] A_raw mlp_softmax_en seed=7: MacroF1=0.9676 binMCC=0.9918
[23:36:26] [x_iiotid] A_raw mlp_edl_both seed=7: MacroF1=0.8970 binMCC=0.9837
[23:37:07] [x_iiotid] A_raw rf seed=13: MacroF1=0.9983 binMCC=0.9995
[23:38:39] [x_iiotid] A_raw lgbm seed=13: MacroF1=0.9995 binMCC=0.9998
[23:38:44] [x_iiotid] A_raw mlp_softmax_en seed=13: MacroF1=0.9671 binMCC=0.9928
[23:38:53] [x_iiotid] A_raw mlp_edl_both seed=13: MacroF1=0.9355 binMCC=0.9929
[23:39:29] [x_iiotid] A_raw rf seed=21: MacroF1=0.9958 binMCC=0.9993
[23:41:05] [x_iiotid] A_raw lgbm seed=21: MacroF1=0.9996 binMCC=0.9998
[23:41:10] [x_iiotid] A_raw mlp_softmax_en seed=21: MacroF1=0.9487 binMCC=0.9906
[23:41:13] [x_iiotid] A_raw mlp_edl_both seed=21: MacroF1=0.9119 binMCC=0.9736
[23:41:51] [x_iiotid] A_raw rf seed=99: MacroF1=0.9994 binMCC=0.9997
[23:43:07] [x_iiotid] A_raw lgbm seed=99: MacroF1=0.9889 binMCC=0.9998
[23:43:13] [x_iiotid] A_raw mlp_softmax_en seed=99: MacroF1=0.9513 binMCC=0.9938
[23:43:18] [x_iiotid] A_raw mlp_edl_both seed=99: MacroF1=0.9265 binMCC=0.9801
[23:43:58] [x_iiotid] D_strict rf seed=42: MacroF1=0.9398 binMCC=0.9929
[23:45:33] [x_iiotid] D_strict lgbm seed=42: MacroF1=0.9800 binMCC=0.9949
[23:45:39] [x_iiotid] D_strict mlp_softmax_en seed=42: MacroF1=0.8536 binMCC=0.9599
[23:45:44] [x_iiotid] D_strict mlp_edl_both seed=42: MacroF1=0.8334 binMCC=0.9553
[23:46:26] [x_iiotid] D_strict rf seed=7: MacroF1=0.9567 binMCC=0.9929
[23:48:01] [x_iiotid] D_strict lgbm seed=7: MacroF1=0.9824 binMCC=0.9951
[23:48:06] [x_iiotid] D_strict mlp_softmax_en seed=7: MacroF1=0.8560 binMCC=0.9644
[23:48:15] [x_iiotid] D_strict mlp_edl_both seed=7: MacroF1=0.8175 binMCC=0.9608
[23:48:52] [x_iiotid] D_strict rf seed=13: MacroF1=0.9342 binMCC=0.9934
[23:50:17] [x_iiotid] D_strict lgbm seed=13: MacroF1=0.9735 binMCC=0.9950
[23:50:23] [x_iiotid] D_strict mlp_softmax_en seed=13: MacroF1=0.8644 binMCC=0.9690
[23:50:29] [x_iiotid] D_strict mlp_edl_both seed=13: MacroF1=0.8195 binMCC=0.9612
[23:51:07] [x_iiotid] D_strict rf seed=21: MacroF1=0.9300 binMCC=0.9929
[23:52:50] [x_iiotid] D_strict lgbm seed=21: MacroF1=0.9625 binMCC=0.9950
[23:52:55] [x_iiotid] D_strict mlp_softmax_en seed=21: MacroF1=0.8519 binMCC=0.9637
[23:53:03] [x_iiotid] D_strict mlp_edl_both seed=21: MacroF1=0.8372 binMCC=0.9626
[23:53:45] [x_iiotid] D_strict rf seed=99: MacroF1=0.9553 binMCC=0.9923
[23:55:26] [x_iiotid] D_strict lgbm seed=99: MacroF1=0.9674 binMCC=0.9950
[23:55:32] [x_iiotid] D_strict mlp_softmax_en seed=99: MacroF1=0.8567 binMCC=0.9698
[23:55:38] [x_iiotid] D_strict mlp_edl_both seed=99: MacroF1=0.8253 binMCC=0.9560
[23:56:16] [x_iiotid] E3_noport rf seed=42: MacroF1=0.9307 binMCC=0.9920
[23:57:47] [x_iiotid] E3_noport lgbm seed=42: MacroF1=0.9743 binMCC=0.9939
[23:57:52] [x_iiotid] E3_noport mlp_softmax_en seed=42: MacroF1=0.8446 binMCC=0.9624
[23:57:57] [x_iiotid] E3_noport mlp_edl_both seed=42: MacroF1=0.8172 binMCC=0.9532
[23:58:38] [x_iiotid] E3_noport rf seed=7: MacroF1=0.9512 binMCC=0.9916
[00:00:28] [x_iiotid] E3_noport lgbm seed=7: MacroF1=0.9809 binMCC=0.9942
[00:00:33] [x_iiotid] E3_noport mlp_softmax_en seed=7: MacroF1=0.8522 binMCC=0.9621
[00:00:42] [x_iiotid] E3_noport mlp_edl_both seed=7: MacroF1=0.8105 binMCC=0.9576
[00:01:19] [x_iiotid] E3_noport rf seed=13: MacroF1=0.9295 binMCC=0.9925
[00:02:50] [x_iiotid] E3_noport lgbm seed=13: MacroF1=0.9715 binMCC=0.9942
[00:02:56] [x_iiotid] E3_noport mlp_softmax_en seed=13: MacroF1=0.8461 binMCC=0.9648
[00:03:05] [x_iiotid] E3_noport mlp_edl_both seed=13: MacroF1=0.8254 binMCC=0.9633
[00:03:42] [x_iiotid] E3_noport rf seed=21: MacroF1=0.9252 binMCC=0.9916
[00:05:35] [x_iiotid] E3_noport lgbm seed=21: MacroF1=0.9638 binMCC=0.9942
[00:05:40] [x_iiotid] E3_noport mlp_softmax_en seed=21: MacroF1=0.8586 binMCC=0.9625
[00:05:48] [x_iiotid] E3_noport mlp_edl_both seed=21: MacroF1=0.8257 binMCC=0.9612
[00:06:25] [x_iiotid] E3_noport rf seed=99: MacroF1=0.9504 binMCC=0.9914
[00:08:18] [x_iiotid] E3_noport lgbm seed=99: MacroF1=0.9629 binMCC=0.9938
[00:08:23] [x_iiotid] E3_noport mlp_softmax_en seed=99: MacroF1=0.8374 binMCC=0.9628
[00:08:31] [x_iiotid] E3_noport mlp_edl_both seed=99: MacroF1=0.8294 binMCC=0.9620
[00:08:50] [x_iiotid] E4_network rf seed=42: MacroF1=0.8798 binMCC=0.9760
[00:09:37] [x_iiotid] E4_network lgbm seed=42: MacroF1=0.8596 binMCC=0.9777
[00:09:41] [x_iiotid] E4_network mlp_softmax_en seed=42: MacroF1=0.7500 binMCC=0.9323
[00:09:50] [x_iiotid] E4_network mlp_edl_both seed=42: MacroF1=0.7291 binMCC=0.9216
[00:10:09] [x_iiotid] E4_network rf seed=7: MacroF1=0.9037 binMCC=0.9784
[00:10:58] [x_iiotid] E4_network lgbm seed=7: MacroF1=0.8744 binMCC=0.9782
[00:11:04] [x_iiotid] E4_network mlp_softmax_en seed=7: MacroF1=0.7579 binMCC=0.9118
[00:11:10] [x_iiotid] E4_network mlp_edl_both seed=7: MacroF1=0.7194 binMCC=0.9242
[00:11:29] [x_iiotid] E4_network rf seed=13: MacroF1=0.8863 binMCC=0.9769
[00:12:15] [x_iiotid] E4_network lgbm seed=13: MacroF1=0.8726 binMCC=0.9774
[00:12:21] [x_iiotid] E4_network mlp_softmax_en seed=13: MacroF1=0.7491 binMCC=0.8877
[00:12:29] [x_iiotid] E4_network mlp_edl_both seed=13: MacroF1=0.7278 binMCC=0.9357
[00:12:48] [x_iiotid] E4_network rf seed=21: MacroF1=0.8797 binMCC=0.9752
[00:13:30] [x_iiotid] E4_network lgbm seed=21: MacroF1=0.8669 binMCC=0.9785
[00:13:36] [x_iiotid] E4_network mlp_softmax_en seed=21: MacroF1=0.7460 binMCC=0.9222
[00:13:44] [x_iiotid] E4_network mlp_edl_both seed=21: MacroF1=0.7385 binMCC=0.9386
[00:14:04] [x_iiotid] E4_network rf seed=99: MacroF1=0.9115 binMCC=0.9763
[00:14:58] [x_iiotid] E4_network lgbm seed=99: MacroF1=0.8813 binMCC=0.9774
[00:15:03] [x_iiotid] E4_network mlp_softmax_en seed=99: MacroF1=0.7313 binMCC=0.9280
[00:15:11] [x_iiotid] E4_network mlp_edl_both seed=99: MacroF1=0.7270 binMCC=0.9276
[01:14:47] [ciciot2023] A_raw rf seed=42: MacroF1=0.8659 binMCC=0.7991
[01:22:21] [ciciot2023] A_raw lgbm seed=42: MacroF1=0.8543 binMCC=0.8240
[01:22:32] [ciciot2023] A_raw mlp_softmax_en seed=42: MacroF1=0.6694 binMCC=0.6703
[01:22:47] [ciciot2023] A_raw mlp_edl_both seed=42: MacroF1=0.6707 binMCC=0.6630
[01:24:00] [ciciot2023] A_raw rf seed=7: MacroF1=0.8659 binMCC=0.8049
[01:31:26] [ciciot2023] A_raw lgbm seed=7: MacroF1=0.8628 binMCC=0.8320
[01:31:36] [ciciot2023] A_raw mlp_softmax_en seed=7: MacroF1=0.6672 binMCC=0.6601
[01:31:51] [ciciot2023] A_raw mlp_edl_both seed=7: MacroF1=0.6563 binMCC=0.6483
[01:33:03] [ciciot2023] A_raw rf seed=13: MacroF1=0.8696 binMCC=0.8028
[01:40:34] [ciciot2023] A_raw lgbm seed=13: MacroF1=0.8585 binMCC=0.8267
[01:40:44] [ciciot2023] A_raw mlp_softmax_en seed=13: MacroF1=0.6636 binMCC=0.6561
[01:40:59] [ciciot2023] A_raw mlp_edl_both seed=13: MacroF1=0.6687 binMCC=0.6584
[01:42:09] [ciciot2023] A_raw rf seed=21: MacroF1=0.8685 binMCC=0.8007
[01:49:08] [ciciot2023] A_raw lgbm seed=21: MacroF1=0.8608 binMCC=0.8299
[01:49:18] [ciciot2023] A_raw mlp_softmax_en seed=21: MacroF1=0.6737 binMCC=0.6665
[01:49:32] [ciciot2023] A_raw mlp_edl_both seed=21: MacroF1=0.6676 binMCC=0.6584
[01:50:34] [ciciot2023] A_raw rf seed=99: MacroF1=0.8591 binMCC=0.7985
[01:57:10] [ciciot2023] A_raw lgbm seed=99: MacroF1=0.8637 binMCC=0.8342
[01:57:20] [ciciot2023] A_raw mlp_softmax_en seed=99: MacroF1=0.6656 binMCC=0.6629
[01:57:33] [ciciot2023] A_raw mlp_edl_both seed=99: MacroF1=0.6689 binMCC=0.6620
[01:58:37] [ciciot2023] D_strict rf seed=42: MacroF1=0.8659 binMCC=0.7968
[02:05:12] [ciciot2023] D_strict lgbm seed=42: MacroF1=0.8543 binMCC=0.8240
[02:05:23] [ciciot2023] D_strict mlp_softmax_en seed=42: MacroF1=0.6779 binMCC=0.6743
[02:05:36] [ciciot2023] D_strict mlp_edl_both seed=42: MacroF1=0.6681 binMCC=0.6655
[02:06:37] [ciciot2023] D_strict rf seed=7: MacroF1=0.8674 binMCC=0.8013
[02:13:14] [ciciot2023] D_strict lgbm seed=7: MacroF1=0.8628 binMCC=0.8320
[02:13:23] [ciciot2023] D_strict mlp_softmax_en seed=7: MacroF1=0.6756 binMCC=0.6643
[02:13:36] [ciciot2023] D_strict mlp_edl_both seed=7: MacroF1=0.6642 binMCC=0.6602
[02:14:39] [ciciot2023] D_strict rf seed=13: MacroF1=0.8685 binMCC=0.8034
[02:21:23] [ciciot2023] D_strict lgbm seed=13: MacroF1=0.8585 binMCC=0.8267
[02:21:31] [ciciot2023] D_strict mlp_softmax_en seed=13: MacroF1=0.6550 binMCC=0.6589
[02:21:44] [ciciot2023] D_strict mlp_edl_both seed=13: MacroF1=0.6670 binMCC=0.6551
[02:22:47] [ciciot2023] D_strict rf seed=21: MacroF1=0.8661 binMCC=0.8010
[02:29:27] [ciciot2023] D_strict lgbm seed=21: MacroF1=0.8608 binMCC=0.8299
[02:29:36] [ciciot2023] D_strict mlp_softmax_en seed=21: MacroF1=0.6728 binMCC=0.6684
[02:29:49] [ciciot2023] D_strict mlp_edl_both seed=21: MacroF1=0.6645 binMCC=0.6598
[02:30:51] [ciciot2023] D_strict rf seed=99: MacroF1=0.8646 binMCC=0.8036
[02:37:24] [ciciot2023] D_strict lgbm seed=99: MacroF1=0.8637 binMCC=0.8342
[02:37:33] [ciciot2023] D_strict mlp_softmax_en seed=99: MacroF1=0.6742 binMCC=0.6685
[02:37:46] [ciciot2023] D_strict mlp_edl_both seed=99: MacroF1=0.6672 binMCC=0.6578
