[22:51:42] [edge_iiotset] 12 evaluated families; 2 skipped (< 200 rows): ['Fingerprinting', 'MITM']; variant=E3_clean_noports; taxonomy sha=41a38782952d
[22:52:10] [edge_iiotset] Backdoor [far, siblings=0] seed=42: 8 scores, 28s
[22:52:40] [edge_iiotset] Backdoor [far, siblings=0] seed=7: 8 scores, 30s
[22:53:12] [edge_iiotset] Backdoor [far, siblings=0] seed=13: 8 scores, 32s
[22:53:44] [edge_iiotset] DDoS_HTTP [near, siblings=3] seed=42: 8 scores, 32s
[22:54:13] [edge_iiotset] DDoS_HTTP [near, siblings=3] seed=7: 8 scores, 28s
[22:54:38] [edge_iiotset] DDoS_HTTP [near, siblings=3] seed=13: 8 scores, 26s
[22:55:05] [edge_iiotset] DDoS_ICMP [near, siblings=3] seed=42: 8 scores, 26s
[22:55:33] [edge_iiotset] DDoS_ICMP [near, siblings=3] seed=7: 8 scores, 28s
[22:55:59] [edge_iiotset] DDoS_ICMP [near, siblings=3] seed=13: 8 scores, 27s
[22:56:30] [edge_iiotset] DDoS_TCP [near, siblings=3] seed=42: 8 scores, 31s
[22:56:59] [edge_iiotset] DDoS_TCP [near, siblings=3] seed=7: 8 scores, 28s
[22:57:26] [edge_iiotset] DDoS_TCP [near, siblings=3] seed=13: 8 scores, 27s
[22:57:53] [edge_iiotset] DDoS_UDP [near, siblings=3] seed=42: 8 scores, 27s
[22:58:20] [edge_iiotset] DDoS_UDP [near, siblings=3] seed=7: 8 scores, 27s
[22:58:46] [edge_iiotset] DDoS_UDP [near, siblings=3] seed=13: 8 scores, 26s
[22:59:15] [edge_iiotset] Password [far, siblings=0] seed=42: 8 scores, 29s
[22:59:43] [edge_iiotset] Password [far, siblings=0] seed=7: 8 scores, 28s
[23:00:09] [edge_iiotset] Password [far, siblings=0] seed=13: 8 scores, 26s
[23:00:36] [edge_iiotset] Port_Scanning [near, siblings=2] seed=42: 8 scores, 27s
[23:01:02] [edge_iiotset] Port_Scanning [near, siblings=2] seed=7: 8 scores, 26s
[23:01:29] [edge_iiotset] Port_Scanning [near, siblings=2] seed=13: 8 scores, 27s
[23:01:54] [edge_iiotset] Ransomware [far, siblings=0] seed=42: 8 scores, 25s
[23:02:20] [edge_iiotset] Ransomware [far, siblings=0] seed=7: 8 scores, 26s
[23:02:48] [edge_iiotset] Ransomware [far, siblings=0] seed=13: 8 scores, 27s
[23:03:17] [edge_iiotset] SQL_injection [near, siblings=2] seed=42: 8 scores, 29s
[23:03:46] [edge_iiotset] SQL_injection [near, siblings=2] seed=7: 8 scores, 28s
[23:04:13] [edge_iiotset] SQL_injection [near, siblings=2] seed=13: 8 scores, 28s
[23:04:37] [edge_iiotset] Uploading [near, siblings=2] seed=42: 8 scores, 24s
[23:05:04] [edge_iiotset] Uploading [near, siblings=2] seed=7: 8 scores, 27s
[23:05:31] [edge_iiotset] Uploading [near, siblings=2] seed=13: 8 scores, 27s
[23:05:56] [edge_iiotset] Vulnerability_scanner [near, siblings=2] seed=42: 8 scores, 25s
[23:06:21] [edge_iiotset] Vulnerability_scanner [near, siblings=2] seed=7: 8 scores, 25s
[23:06:49] [edge_iiotset] Vulnerability_scanner [near, siblings=2] seed=13: 8 scores, 28s
[23:07:18] [edge_iiotset] XSS [near, siblings=2] seed=42: 8 scores, 29s
[23:07:45] [edge_iiotset] XSS [near, siblings=2] seed=7: 8 scores, 27s
[23:08:12] [edge_iiotset] XSS [near, siblings=2] seed=13: 8 scores, 26s
[00:15:13] [x_iiotid] 15 evaluated families; 3 skipped (< 200 rows): ['Fake_notification', 'MitM', 'crypto-ransomware']; variant=E4_network_only; taxonomy sha=41a38782952d
[00:15:48] [x_iiotid] BruteForce [near, siblings=1] seed=42: 8 scores, 35s
[00:16:23] [x_iiotid] BruteForce [near, siblings=1] seed=7: 8 scores, 34s
[00:16:58] [x_iiotid] BruteForce [near, siblings=1] seed=13: 8 scores, 35s
[00:17:35] [x_iiotid] C&C [near, siblings=2] seed=42: 8 scores, 37s
[00:18:12] [x_iiotid] C&C [near, siblings=2] seed=7: 8 scores, 37s
[00:18:42] [x_iiotid] C&C [near, siblings=2] seed=13: 8 scores, 30s
[00:19:13] [x_iiotid] Dictionary [near, siblings=1] seed=42: 8 scores, 32s
[00:19:49] [x_iiotid] Dictionary [near, siblings=1] seed=7: 8 scores, 35s
[00:20:22] [x_iiotid] Dictionary [near, siblings=1] seed=13: 8 scores, 33s
[00:20:59] [x_iiotid] Discovering_resources [near, siblings=2] seed=42: 8 scores, 36s
[00:21:33] [x_iiotid] Discovering_resources [near, siblings=2] seed=7: 8 scores, 34s
[00:22:08] [x_iiotid] Discovering_resources [near, siblings=2] seed=13: 8 scores, 35s
[00:22:44] [x_iiotid] Exfiltration [far, siblings=0] seed=42: 8 scores, 36s
[00:23:17] [x_iiotid] Exfiltration [far, siblings=0] seed=7: 8 scores, 33s
[00:23:52] [x_iiotid] Exfiltration [far, siblings=0] seed=13: 8 scores, 35s
[00:24:28] [x_iiotid] False_data_injection [far, siblings=0] seed=42: 8 scores, 36s
[00:25:02] [x_iiotid] False_data_injection [far, siblings=0] seed=7: 8 scores, 34s
[00:25:37] [x_iiotid] False_data_injection [far, siblings=0] seed=13: 8 scores, 35s
[00:26:10] [x_iiotid] Generic_scanning [near, siblings=2] seed=42: 8 scores, 33s
[00:26:37] [x_iiotid] Generic_scanning [near, siblings=2] seed=7: 8 scores, 28s
[00:27:11] [x_iiotid] Generic_scanning [near, siblings=2] seed=13: 8 scores, 34s
[00:27:46] [x_iiotid] MQTT_cloud_broker_subscription [far, siblings=0] seed=42: 8 scores, 34s
[00:28:19] [x_iiotid] MQTT_cloud_broker_subscription [far, siblings=0] seed=7: 8 scores, 34s
[00:28:53] [x_iiotid] MQTT_cloud_broker_subscription [far, siblings=0] seed=13: 8 scores, 34s
[00:29:28] [x_iiotid] Modbus_register_reading [far, siblings=0] seed=42: 8 scores, 35s
[00:30:02] [x_iiotid] Modbus_register_reading [far, siblings=0] seed=7: 8 scores, 34s
[00:30:37] [x_iiotid] Modbus_register_reading [far, siblings=0] seed=13: 8 scores, 35s
[00:31:08] [x_iiotid] RDOS [far, siblings=0] seed=42: 8 scores, 31s
[00:31:39] [x_iiotid] RDOS [far, siblings=0] seed=7: 8 scores, 31s
[00:32:09] [x_iiotid] RDOS [far, siblings=0] seed=13: 8 scores, 30s
[00:32:39] [x_iiotid] Reverse_shell [near, siblings=2] seed=42: 8 scores, 30s
[00:33:14] [x_iiotid] Reverse_shell [near, siblings=2] seed=7: 8 scores, 35s
[00:33:47] [x_iiotid] Reverse_shell [near, siblings=2] seed=13: 8 scores, 33s
[00:34:17] [x_iiotid] Scanning_vulnerability [near, siblings=2] seed=42: 8 scores, 30s
[00:34:50] [x_iiotid] Scanning_vulnerability [near, siblings=2] seed=7: 8 scores, 32s
[00:35:22] [x_iiotid] Scanning_vulnerability [near, siblings=2] seed=13: 8 scores, 32s
[00:35:59] [x_iiotid] TCP Relay [near, siblings=2] seed=42: 8 scores, 36s
[00:36:33] [x_iiotid] TCP Relay [near, siblings=2] seed=7: 8 scores, 34s
[00:37:06] [x_iiotid] TCP Relay [near, siblings=2] seed=13: 8 scores, 33s
[00:37:40] [x_iiotid] fuzzing [far, siblings=0] seed=42: 8 scores, 33s
[00:38:11] [x_iiotid] fuzzing [far, siblings=0] seed=7: 8 scores, 31s
[00:38:46] [x_iiotid] fuzzing [far, siblings=0] seed=13: 8 scores, 35s
[00:39:19] [x_iiotid] insider_malcious [far, siblings=0] seed=42: 8 scores, 33s
[00:39:54] [x_iiotid] insider_malcious [far, siblings=0] seed=7: 8 scores, 35s
[00:40:28] [x_iiotid] insider_malcious [far, siblings=0] seed=13: 8 scores, 33s
[02:37:49] [ciciot2023] 33 evaluated families; 0 skipped (< 200 rows): []; variant=D_clean; taxonomy sha=41a38782952d
[02:39:22] [ciciot2023] Backdoor_Malware [far, siblings=0] seed=42: 8 scores, 92s
[02:40:54] [ciciot2023] Backdoor_Malware [far, siblings=0] seed=7: 8 scores, 93s
[02:42:24] [ciciot2023] Backdoor_Malware [far, siblings=0] seed=13: 8 scores, 90s
[02:43:58] [ciciot2023] BrowserHijacking [near, siblings=4] seed=42: 8 scores, 93s
[02:45:30] [ciciot2023] BrowserHijacking [near, siblings=4] seed=7: 8 scores, 93s
[02:47:01] [ciciot2023] BrowserHijacking [near, siblings=4] seed=13: 8 scores, 90s
[02:48:30] [ciciot2023] CommandInjection [near, siblings=4] seed=42: 8 scores, 89s
[02:50:03] [ciciot2023] CommandInjection [near, siblings=4] seed=7: 8 scores, 93s
[02:51:35] [ciciot2023] CommandInjection [near, siblings=4] seed=13: 8 scores, 92s
[02:53:04] [ciciot2023] DDoS-ACK_Fragmentation [near, siblings=11] seed=42: 8 scores, 88s
[02:54:32] [ciciot2023] DDoS-ACK_Fragmentation [near, siblings=11] seed=7: 8 scores, 88s
[02:56:04] [ciciot2023] DDoS-ACK_Fragmentation [near, siblings=11] seed=13: 8 scores, 92s
[02:57:31] [ciciot2023] DDoS-HTTP_Flood [near, siblings=11] seed=42: 8 scores, 86s
[02:59:02] [ciciot2023] DDoS-HTTP_Flood [near, siblings=11] seed=7: 8 scores, 92s
[03:00:27] [ciciot2023] DDoS-HTTP_Flood [near, siblings=11] seed=13: 8 scores, 85s
[03:01:59] [ciciot2023] DDoS-ICMP_Flood [near, siblings=11] seed=42: 8 scores, 91s
[03:03:29] [ciciot2023] DDoS-ICMP_Flood [near, siblings=11] seed=7: 8 scores, 90s
[03:04:56] [ciciot2023] DDoS-ICMP_Flood [near, siblings=11] seed=13: 8 scores, 87s
[03:06:31] [ciciot2023] DDoS-ICMP_Fragmentation [near, siblings=11] seed=42: 8 scores, 95s
[03:08:04] [ciciot2023] DDoS-ICMP_Fragmentation [near, siblings=11] seed=7: 8 scores, 93s
[03:09:33] [ciciot2023] DDoS-ICMP_Fragmentation [near, siblings=11] seed=13: 8 scores, 89s
[03:11:05] [ciciot2023] DDoS-PSHACK_Flood [near, siblings=11] seed=42: 8 scores, 92s
[03:12:38] [ciciot2023] DDoS-PSHACK_Flood [near, siblings=11] seed=7: 8 scores, 93s
[03:14:16] [ciciot2023] DDoS-PSHACK_Flood [near, siblings=11] seed=13: 8 scores, 98s
[03:16:01] [ciciot2023] DDoS-RSTFINFlood [near, siblings=11] seed=42: 8 scores, 103s
[03:17:43] [ciciot2023] DDoS-RSTFINFlood [near, siblings=11] seed=7: 8 scores, 103s
[03:19:28] [ciciot2023] DDoS-RSTFINFlood [near, siblings=11] seed=13: 8 scores, 104s
[03:21:08] [ciciot2023] DDoS-SYN_Flood [near, siblings=11] seed=42: 8 scores, 99s
[03:22:48] [ciciot2023] DDoS-SYN_Flood [near, siblings=11] seed=7: 8 scores, 100s
[03:24:30] [ciciot2023] DDoS-SYN_Flood [near, siblings=11] seed=13: 8 scores, 102s
[03:26:13] [ciciot2023] DDoS-SlowLoris [near, siblings=11] seed=42: 8 scores, 102s
[03:27:53] [ciciot2023] DDoS-SlowLoris [near, siblings=11] seed=7: 8 scores, 100s
[03:29:38] [ciciot2023] DDoS-SlowLoris [near, siblings=11] seed=13: 8 scores, 105s
[03:31:19] [ciciot2023] DDoS-SynonymousIP_Flood [near, siblings=11] seed=42: 8 scores, 101s
[03:33:07] [ciciot2023] DDoS-SynonymousIP_Flood [near, siblings=11] seed=7: 8 scores, 108s
[03:34:50] [ciciot2023] DDoS-SynonymousIP_Flood [near, siblings=11] seed=13: 8 scores, 103s
[03:36:32] [ciciot2023] DDoS-TCP_Flood [near, siblings=11] seed=42: 8 scores, 101s
[03:38:17] [ciciot2023] DDoS-TCP_Flood [near, siblings=11] seed=7: 8 scores, 105s
[03:40:05] [ciciot2023] DDoS-TCP_Flood [near, siblings=11] seed=13: 8 scores, 108s
[03:41:42] [ciciot2023] DDoS-UDP_Flood [near, siblings=11] seed=42: 8 scores, 96s
[03:43:19] [ciciot2023] DDoS-UDP_Flood [near, siblings=11] seed=7: 8 scores, 97s
[03:44:55] [ciciot2023] DDoS-UDP_Flood [near, siblings=11] seed=13: 8 scores, 96s
[03:46:31] [ciciot2023] DDoS-UDP_Fragmentation [near, siblings=11] seed=42: 8 scores, 95s
[03:48:01] [ciciot2023] DDoS-UDP_Fragmentation [near, siblings=11] seed=7: 8 scores, 90s
[03:49:33] [ciciot2023] DDoS-UDP_Fragmentation [near, siblings=11] seed=13: 8 scores, 92s
[03:51:07] [ciciot2023] DNS_Spoofing [near, siblings=1] seed=42: 8 scores, 93s
[03:52:33] [ciciot2023] DNS_Spoofing [near, siblings=1] seed=7: 8 scores, 86s
[03:54:01] [ciciot2023] DNS_Spoofing [near, siblings=1] seed=13: 8 scores, 89s
[03:55:33] [ciciot2023] DictionaryBruteForce [far, siblings=0] seed=42: 8 scores, 91s
[03:57:03] [ciciot2023] DictionaryBruteForce [far, siblings=0] seed=7: 8 scores, 90s
[03:58:36] [ciciot2023] DictionaryBruteForce [far, siblings=0] seed=13: 8 scores, 93s
[04:00:03] [ciciot2023] DoS-HTTP_Flood [near, siblings=3] seed=42: 8 scores, 87s
[04:01:30] [ciciot2023] DoS-HTTP_Flood [near, siblings=3] seed=7: 8 scores, 88s
[04:03:00] [ciciot2023] DoS-HTTP_Flood [near, siblings=3] seed=13: 8 scores, 89s
[04:04:29] [ciciot2023] DoS-SYN_Flood [near, siblings=3] seed=42: 8 scores, 89s
[04:05:58] [ciciot2023] DoS-SYN_Flood [near, siblings=3] seed=7: 8 scores, 89s
[04:07:24] [ciciot2023] DoS-SYN_Flood [near, siblings=3] seed=13: 8 scores, 85s
[04:08:54] [ciciot2023] DoS-TCP_Flood [near, siblings=3] seed=42: 8 scores, 90s
[04:10:24] [ciciot2023] DoS-TCP_Flood [near, siblings=3] seed=7: 8 scores, 90s
[04:11:54] [ciciot2023] DoS-TCP_Flood [near, siblings=3] seed=13: 8 scores, 90s
[04:13:24] [ciciot2023] DoS-UDP_Flood [near, siblings=3] seed=42: 8 scores, 89s
[04:14:52] [ciciot2023] DoS-UDP_Flood [near, siblings=3] seed=7: 8 scores, 88s
[04:16:31] [ciciot2023] DoS-UDP_Flood [near, siblings=3] seed=13: 8 scores, 99s
[04:18:08] [ciciot2023] MITM-ArpSpoofing [near, siblings=1] seed=42: 8 scores, 96s
[04:19:39] [ciciot2023] MITM-ArpSpoofing [near, siblings=1] seed=7: 8 scores, 92s
[04:21:16] [ciciot2023] MITM-ArpSpoofing [near, siblings=1] seed=13: 8 scores, 97s
[04:22:53] [ciciot2023] Mirai-greeth_flood [near, siblings=2] seed=42: 8 scores, 97s
[04:24:29] [ciciot2023] Mirai-greeth_flood [near, siblings=2] seed=7: 8 scores, 95s
[04:26:03] [ciciot2023] Mirai-greeth_flood [near, siblings=2] seed=13: 8 scores, 94s
[04:27:39] [ciciot2023] Mirai-greip_flood [near, siblings=2] seed=42: 8 scores, 96s
[04:29:14] [ciciot2023] Mirai-greip_flood [near, siblings=2] seed=7: 8 scores, 95s
[04:30:49] [ciciot2023] Mirai-greip_flood [near, siblings=2] seed=13: 8 scores, 95s
[04:32:25] [ciciot2023] Mirai-udpplain [near, siblings=2] seed=42: 8 scores, 95s
[04:33:58] [ciciot2023] Mirai-udpplain [near, siblings=2] seed=7: 8 scores, 93s
[04:35:33] [ciciot2023] Mirai-udpplain [near, siblings=2] seed=13: 8 scores, 95s
[04:37:03] [ciciot2023] Recon-HostDiscovery [near, siblings=4] seed=42: 8 scores, 89s
[04:38:32] [ciciot2023] Recon-HostDiscovery [near, siblings=4] seed=7: 8 scores, 89s
[04:40:01] [ciciot2023] Recon-HostDiscovery [near, siblings=4] seed=13: 8 scores, 89s
[04:41:30] [ciciot2023] Recon-OSScan [near, siblings=4] seed=42: 8 scores, 88s
[04:42:57] [ciciot2023] Recon-OSScan [near, siblings=4] seed=7: 8 scores, 87s
[04:44:24] [ciciot2023] Recon-OSScan [near, siblings=4] seed=13: 8 scores, 88s
[04:45:57] [ciciot2023] Recon-PingSweep [near, siblings=4] seed=42: 8 scores, 92s
[04:47:27] [ciciot2023] Recon-PingSweep [near, siblings=4] seed=7: 8 scores, 90s
[04:48:59] [ciciot2023] Recon-PingSweep [near, siblings=4] seed=13: 8 scores, 92s
[04:50:26] [ciciot2023] Recon-PortScan [near, siblings=4] seed=42: 8 scores, 86s
[04:51:52] [ciciot2023] Recon-PortScan [near, siblings=4] seed=7: 8 scores, 86s
[04:53:18] [ciciot2023] Recon-PortScan [near, siblings=4] seed=13: 8 scores, 86s
[04:54:48] [ciciot2023] SqlInjection [near, siblings=4] seed=42: 8 scores, 90s
[04:56:17] [ciciot2023] SqlInjection [near, siblings=4] seed=7: 8 scores, 89s
[04:57:46] [ciciot2023] SqlInjection [near, siblings=4] seed=13: 8 scores, 89s
[04:59:17] [ciciot2023] Uploading_Attack [near, siblings=4] seed=42: 8 scores, 90s
[05:00:48] [ciciot2023] Uploading_Attack [near, siblings=4] seed=7: 8 scores, 91s
[05:02:16] [ciciot2023] Uploading_Attack [near, siblings=4] seed=13: 8 scores, 89s
[05:03:46] [ciciot2023] VulnerabilityScan [near, siblings=4] seed=42: 8 scores, 89s
[05:05:14] [ciciot2023] VulnerabilityScan [near, siblings=4] seed=7: 8 scores, 88s
[05:06:43] [ciciot2023] VulnerabilityScan [near, siblings=4] seed=13: 8 scores, 89s
[05:08:14] [ciciot2023] XSS [near, siblings=4] seed=42: 8 scores, 91s
[05:09:46] [ciciot2023] XSS [near, siblings=4] seed=7: 8 scores, 92s
[05:11:21] [ciciot2023] XSS [near, siblings=4] seed=13: 8 scores, 95s
