[22:18:02] START 00_dataset_audit:edge_iiotset
[22:19:05] DONE  00_dataset_audit:edge_iiotset
[22:19:07] START 01_leakage_audit:edge_iiotset
[22:35:10] DONE  01_leakage_audit:edge_iiotset
[22:35:10] START 05_ladder_closed:edge_iiotset
[22:51:38] DONE  05_ladder_closed:edge_iiotset
[22:51:38] START 06_loao_final:edge_iiotset
[23:08:12] DONE  06_loao_final:edge_iiotset
[23:08:22] START 00_dataset_audit:x_iiotid
[23:08:51] DONE  00_dataset_audit:x_iiotid
[23:08:52] START 01_leakage_audit:x_iiotid
[23:31:08] DONE  01_leakage_audit:x_iiotid
[23:31:08] START 05_ladder_closed:x_iiotid
[00:15:11] DONE  05_ladder_closed:x_iiotid
[00:15:11] START 06_loao_final:x_iiotid
[00:40:28] DONE  06_loao_final:x_iiotid
[00:40:39] START 00_dataset_audit:ciciot2023
[00:47:03] DONE  00_dataset_audit:ciciot2023
[00:47:04] START 01_leakage_audit:ciciot2023
[01:13:25] DONE  01_leakage_audit:ciciot2023
[01:13:26] START 05_ladder_closed:ciciot2023
[02:37:46] DONE  05_ladder_closed:ciciot2023
[02:37:46] START 06_loao_final:ciciot2023
[05:11:21] DONE  06_loao_final:ciciot2023
